// Jest Snapshot v1, https://goo.gl/fbAQLP

exports[`pruebas de GifItem debe hacer match con el snapshot 1`] = `
<div>
  <div
    class="card"
  >
    <img
      alt="un titulo"
      src="http/saitama/images.jpg"
    />
    <p>
      un titulo
    </p>
  </div>
</div>
`;
