// Jest Snapshot v1, https://goo.gl/fbAQLP

exports[`FirstApp prueba uno hacer macth  snapshot 1`] = `
<div>
  <h1>
    First App
  </h1>
  <p>
    Soy un valor por defecto
  </p>
  <p>
    24
  </p>
</div>
`;
